Sample.Name.in.GBS.Data	Environment	GY_blue
MARS-WEMA_270040	Main_Embu_Kenya	6.465
MARS-WEMA_270041	Main_Embu_Kenya	7.09
MARS-WEMA_270042	Main_Embu_Kenya	9.335
MARS-WEMA_270045	Main_Embu_Kenya	8.67
MARS-WEMA_270046	Main_Embu_Kenya	7.235
MARS-WEMA_270047	Main_Embu_Kenya	7.66
MARS-WEMA_270049	Main_Embu_Kenya	6.805
MARS-WEMA_270050	Main_Embu_Kenya	6.21
MARS-WEMA_270051	Main_Embu_Kenya	8.895
MARS-WEMA_270053	Main_Embu_Kenya	9.72
MARS-WEMA_270054	Main_Embu_Kenya	7.585
MARS-WEMA_270055	Main_Embu_Kenya	8.525
MARS-WEMA_270056	Main_Embu_Kenya	6.925
MARS-WEMA_270057	Main_Embu_Kenya	6.55
MARS-WEMA_270058	Main_Embu_Kenya	7.02
MARS-WEMA_270059	Main_Embu_Kenya	6.65
MARS-WEMA_270060	Main_Embu_Kenya	6.82
MARS-WEMA_270061	Main_Embu_Kenya	6.37
MARS-WEMA_270062	Main_Embu_Kenya	6.845
MARS-WEMA_270063	Main_Embu_Kenya	7.595
MARS-WEMA_270064	Main_Embu_Kenya	6.48
MARS-WEMA_270065	Main_Embu_Kenya	8.42
MARS-WEMA_270066	Main_Embu_Kenya	6.375
MARS-WEMA_270067	Main_Embu_Kenya	9.145
MARS-WEMA_270068	Main_Embu_Kenya	8.265
MARS-WEMA_270069	Main_Embu_Kenya	7.52
MARS-WEMA_270070	Main_Embu_Kenya	8.32
MARS-WEMA_270071	Main_Embu_Kenya	6.045
MARS-WEMA_270072	Main_Embu_Kenya	6.255
MARS-WEMA_270073	Main_Embu_Kenya	8.26
MARS-WEMA_270074	Main_Embu_Kenya	7.26
MARS-WEMA_270075	Main_Embu_Kenya	7.015
MARS-WEMA_270076	Main_Embu_Kenya	6.75
MARS-WEMA_270077	Main_Embu_Kenya	9.22
MARS-WEMA_270078	Main_Embu_Kenya	4.97
MARS-WEMA_270079	Main_Embu_Kenya	8.205
MARS-WEMA_270080	Main_Embu_Kenya	7.89
MARS-WEMA_270081	Main_Embu_Kenya	8.715
MARS-WEMA_270082	Main_Embu_Kenya	8.955
MARS-WEMA_270084	Main_Embu_Kenya	3.515
MARS-WEMA_270085	Main_Embu_Kenya	6.84
MARS-WEMA_270086	Main_Embu_Kenya	5.85
MARS-WEMA_270087	Main_Embu_Kenya	7.745
MARS-WEMA_270088	Main_Embu_Kenya	5.275
MARS-WEMA_270089	Main_Embu_Kenya	9.185
MARS-WEMA_270090	Main_Embu_Kenya	7.655
MARS-WEMA_270091	Main_Embu_Kenya	6.725
MARS-WEMA_270092	Main_Embu_Kenya	7.06
MARS-WEMA_270093	Main_Embu_Kenya	6.525
MARS-WEMA_270094	Main_Embu_Kenya	6.145
MARS-WEMA_270095	Main_Embu_Kenya	7.595
MARS-WEMA_270096	Main_Embu_Kenya	6.245
MARS-WEMA_270097	Main_Embu_Kenya	6.475
MARS-WEMA_270099	Main_Embu_Kenya	6.755
MARS-WEMA_270101	Main_Embu_Kenya	6.565
MARS-WEMA_270102	Main_Embu_Kenya	6.52
MARS-WEMA_270103	Main_Embu_Kenya	7.34
MARS-WEMA_270104	Main_Embu_Kenya	9.555
MARS-WEMA_270105	Main_Embu_Kenya	5.74
MARS-WEMA_270106	Main_Embu_Kenya	5.035
MARS-WEMA_270107	Main_Embu_Kenya	6.17
MARS-WEMA_270108	Main_Embu_Kenya	6.985
MARS-WEMA_270109	Main_Embu_Kenya	5.465
MARS-WEMA_270110	Main_Embu_Kenya	6.05
MARS-WEMA_270111	Main_Embu_Kenya	6.84
MARS-WEMA_270112	Main_Embu_Kenya	8.795
MARS-WEMA_270113	Main_Embu_Kenya	6.3
MARS-WEMA_270114	Main_Embu_Kenya	7.375
MARS-WEMA_270115	Main_Embu_Kenya	8.29
MARS-WEMA_270116	Main_Embu_Kenya	7.255
MARS-WEMA_270117	Main_Embu_Kenya	5.64
MARS-WEMA_270118	Main_Embu_Kenya	8.135
MARS-WEMA_270119	Main_Embu_Kenya	7.43
MARS-WEMA_270120	Main_Embu_Kenya	8.11
MARS-WEMA_270122	Main_Embu_Kenya	7.915
MARS-WEMA_270123	Main_Embu_Kenya	5.975
MARS-WEMA_270124	Main_Embu_Kenya	6.8
MARS-WEMA_270126	Main_Embu_Kenya	8.92
MARS-WEMA_270128	Main_Embu_Kenya	6.695
MARS-WEMA_270129	Main_Embu_Kenya	7.93
MARS-WEMA_270130	Main_Embu_Kenya	6.985
MARS-WEMA_270131	Main_Embu_Kenya	8.075
MARS-WEMA_270132	Main_Embu_Kenya	8.32
MARS-WEMA_270133	Main_Embu_Kenya	7.585
MARS-WEMA_270134	Main_Embu_Kenya	8.43
MARS-WEMA_270136	Main_Embu_Kenya	6.975
MARS-WEMA_270137	Main_Embu_Kenya	7.18
MARS-WEMA_270138	Main_Embu_Kenya	6.935
MARS-WEMA_292915	Main_Embu_Kenya	5.455
MARS-WEMA_292916	Main_Embu_Kenya	7.77
MARS-WEMA_292917	Main_Embu_Kenya	6.41
MARS-WEMA_292918	Main_Embu_Kenya	8.98
MARS-WEMA_292919	Main_Embu_Kenya	9.12
MARS-WEMA_292920	Main_Embu_Kenya	7.58
MARS-WEMA_292921	Main_Embu_Kenya	7.845
MARS-WEMA_292922	Main_Embu_Kenya	8.465
MARS-WEMA_292923	Main_Embu_Kenya	6.77
MARS-WEMA_292924	Main_Embu_Kenya	7.02
MARS-WEMA_292925	Main_Embu_Kenya	6.085
MARS-WEMA_292926	Main_Embu_Kenya	6.625
MARS-WEMA_292927	Main_Embu_Kenya	8.465
MARS-WEMA_292928	Main_Embu_Kenya	7.11
MARS-WEMA_292929	Main_Embu_Kenya	6.37
MARS-WEMA_292930	Main_Embu_Kenya	7.985
MARS-WEMA_292931	Main_Embu_Kenya	8.86
MARS-WEMA_292932	Main_Embu_Kenya	8.165
MARS-WEMA_292933	Main_Embu_Kenya	6.075
MARS-WEMA_292934	Main_Embu_Kenya	7.715
MARS-WEMA_292935	Main_Embu_Kenya	7.145
MARS-WEMA_292936	Main_Embu_Kenya	7.165
MARS-WEMA_292937	Main_Embu_Kenya	7.665
MARS-WEMA_292938	Main_Embu_Kenya	7.63
MARS-WEMA_292939	Main_Embu_Kenya	5.215
MARS-WEMA_292940	Main_Embu_Kenya	7.375
MARS-WEMA_292941	Main_Embu_Kenya	5.65
MARS-WEMA_292942	Main_Embu_Kenya	4.785
MARS-WEMA_292943	Main_Embu_Kenya	6.925
MARS-WEMA_292944	Main_Embu_Kenya	6.425
MARS-WEMA_292945	Main_Embu_Kenya	7.705
MARS-WEMA_292946	Main_Embu_Kenya	5.58
MARS-WEMA_292947	Main_Embu_Kenya	6.005
MARS-WEMA_292948	Main_Embu_Kenya	5.61
MARS-WEMA_292949	Main_Embu_Kenya	6.525
MARS-WEMA_292950	Main_Embu_Kenya	7.665
MARS-WEMA_292951	Main_Embu_Kenya	6.185
MARS-WEMA_292952	Main_Embu_Kenya	9.385
MARS-WEMA_292953	Main_Embu_Kenya	6.655
MARS-WEMA_292954	Main_Embu_Kenya	5.78
MARS-WEMA_292955	Main_Embu_Kenya	7.635
MARS-WEMA_292956	Main_Embu_Kenya	7.395
MARS-WEMA_292957	Main_Embu_Kenya	6.875
MARS-WEMA_292958	Main_Embu_Kenya	6.905
MARS-WEMA_292959	Main_Embu_Kenya	6.385
MARS-WEMA_292960	Main_Embu_Kenya	7.235
MARS-WEMA_292961	Main_Embu_Kenya	7.095
MARS-WEMA_292962	Main_Embu_Kenya	7.32
MARS-WEMA_292963	Main_Embu_Kenya	6.345
MARS-WEMA_292964	Main_Embu_Kenya	7.76
MARS-WEMA_292965	Main_Embu_Kenya	6.725
MARS-WEMA_292966	Main_Embu_Kenya	6.345
MARS-WEMA_292967	Main_Embu_Kenya	9.175
MARS-WEMA_292969	Main_Embu_Kenya	9.205
MARS-WEMA_292971	Main_Embu_Kenya	8.3
MARS-WEMA_292972	Main_Embu_Kenya	7.44
MARS-WEMA_292973	Main_Embu_Kenya	5.29
MARS-WEMA_292974	Main_Embu_Kenya	6.725
MARS-WEMA_292978	Main_Embu_Kenya	7.145
MARS-WEMA_292979	Main_Embu_Kenya	6.205
MARS-WEMA_292980	Main_Embu_Kenya	7.235
MARS-WEMA_292981	Main_Embu_Kenya	7.52
MARS-WEMA_292982	Main_Embu_Kenya	9.45
MARS-WEMA_292983	Main_Embu_Kenya	8.8
MARS-WEMA_292984	Main_Embu_Kenya	6.4
MARS-WEMA_292985	Main_Embu_Kenya	4.88
MARS-WEMA_292986	Main_Embu_Kenya	6.53
MARS-WEMA_292987	Main_Embu_Kenya	5.255
MARS-WEMA_292988	Main_Embu_Kenya	6.28
MARS-WEMA_292989	Main_Embu_Kenya	5.395
MARS-WEMA_292990	Main_Embu_Kenya	8.715
MARS-WEMA_292991	Main_Embu_Kenya	6.5
MARS-WEMA_292992	Main_Embu_Kenya	6.95
MARS-WEMA_292993	Main_Embu_Kenya	5.635
MARS-WEMA_292995	Main_Embu_Kenya	5.045
MARS-WEMA_292996	Main_Embu_Kenya	6.355
MARS-WEMA_292997	Main_Embu_Kenya	6.9
MARS-WEMA_293000	Main_Embu_Kenya	9.315
MARS-WEMA_293002	Main_Embu_Kenya	7.415
MARS-WEMA_293004	Main_Embu_Kenya	6.855
MARS-WEMA_270040	Main_Kakamega_Kenya	7.18
MARS-WEMA_270041	Main_Kakamega_Kenya	8.655
MARS-WEMA_270042	Main_Kakamega_Kenya	10.195
MARS-WEMA_270045	Main_Kakamega_Kenya	10.155
MARS-WEMA_270046	Main_Kakamega_Kenya	9.895
MARS-WEMA_270047	Main_Kakamega_Kenya	7.44
MARS-WEMA_270049	Main_Kakamega_Kenya	11.3
MARS-WEMA_270050	Main_Kakamega_Kenya	9.755
MARS-WEMA_270051	Main_Kakamega_Kenya	5.915
MARS-WEMA_270053	Main_Kakamega_Kenya	10.545
MARS-WEMA_270054	Main_Kakamega_Kenya	7.16
MARS-WEMA_270055	Main_Kakamega_Kenya	9.15
MARS-WEMA_270056	Main_Kakamega_Kenya	11.71
MARS-WEMA_270057	Main_Kakamega_Kenya	9.785
MARS-WEMA_270058	Main_Kakamega_Kenya	12.34
MARS-WEMA_270059	Main_Kakamega_Kenya	10.675
MARS-WEMA_270060	Main_Kakamega_Kenya	10.355
MARS-WEMA_270061	Main_Kakamega_Kenya	8.55
MARS-WEMA_270062	Main_Kakamega_Kenya	8.005
MARS-WEMA_270063	Main_Kakamega_Kenya	11.14
MARS-WEMA_270064	Main_Kakamega_Kenya	8.44
MARS-WEMA_270065	Main_Kakamega_Kenya	9.785
MARS-WEMA_270066	Main_Kakamega_Kenya	11.24
MARS-WEMA_270067	Main_Kakamega_Kenya	9.805
MARS-WEMA_270068	Main_Kakamega_Kenya	10.415
MARS-WEMA_270069	Main_Kakamega_Kenya	8.4
MARS-WEMA_270070	Main_Kakamega_Kenya	8.08
MARS-WEMA_270071	Main_Kakamega_Kenya	7.285
MARS-WEMA_270072	Main_Kakamega_Kenya	7.575
MARS-WEMA_270073	Main_Kakamega_Kenya	11.545
MARS-WEMA_270074	Main_Kakamega_Kenya	10.87
MARS-WEMA_270075	Main_Kakamega_Kenya	10.16
MARS-WEMA_270076	Main_Kakamega_Kenya	7.8
MARS-WEMA_270077	Main_Kakamega_Kenya	10.05
MARS-WEMA_270078	Main_Kakamega_Kenya	9.455
MARS-WEMA_270079	Main_Kakamega_Kenya	9.87
MARS-WEMA_270080	Main_Kakamega_Kenya	10.08
MARS-WEMA_270081	Main_Kakamega_Kenya	10.595
MARS-WEMA_270082	Main_Kakamega_Kenya	9.9
MARS-WEMA_270084	Main_Kakamega_Kenya	8.375
MARS-WEMA_270085	Main_Kakamega_Kenya	7.6
MARS-WEMA_270086	Main_Kakamega_Kenya	10.33
MARS-WEMA_270087	Main_Kakamega_Kenya	8.25
MARS-WEMA_270088	Main_Kakamega_Kenya	10.25
MARS-WEMA_270089	Main_Kakamega_Kenya	10.68
MARS-WEMA_270090	Main_Kakamega_Kenya	10.37
MARS-WEMA_270091	Main_Kakamega_Kenya	6.855
MARS-WEMA_270092	Main_Kakamega_Kenya	9.815
MARS-WEMA_270093	Main_Kakamega_Kenya	10.68
MARS-WEMA_270094	Main_Kakamega_Kenya	8.635
MARS-WEMA_270095	Main_Kakamega_Kenya	9.325
MARS-WEMA_270096	Main_Kakamega_Kenya	10.075
MARS-WEMA_270097	Main_Kakamega_Kenya	8.275
MARS-WEMA_270099	Main_Kakamega_Kenya	11.385
MARS-WEMA_270101	Main_Kakamega_Kenya	9.18
MARS-WEMA_270102	Main_Kakamega_Kenya	8.52
MARS-WEMA_270103	Main_Kakamega_Kenya	10.12
MARS-WEMA_270104	Main_Kakamega_Kenya	11.095
MARS-WEMA_270105	Main_Kakamega_Kenya	8.95
MARS-WEMA_270106	Main_Kakamega_Kenya	9.05
MARS-WEMA_270107	Main_Kakamega_Kenya	8.72
MARS-WEMA_270108	Main_Kakamega_Kenya	9.585
MARS-WEMA_270109	Main_Kakamega_Kenya	8.685
MARS-WEMA_270110	Main_Kakamega_Kenya	10.855
MARS-WEMA_270111	Main_Kakamega_Kenya	8.98
MARS-WEMA_270112	Main_Kakamega_Kenya	9.045
MARS-WEMA_270113	Main_Kakamega_Kenya	10.575
MARS-WEMA_270114	Main_Kakamega_Kenya	11.1
MARS-WEMA_270115	Main_Kakamega_Kenya	9.875
MARS-WEMA_270116	Main_Kakamega_Kenya	8.525
MARS-WEMA_270117	Main_Kakamega_Kenya	11.64
MARS-WEMA_270118	Main_Kakamega_Kenya	9.05
MARS-WEMA_270119	Main_Kakamega_Kenya	10.05
MARS-WEMA_270120	Main_Kakamega_Kenya	9.935
MARS-WEMA_270122	Main_Kakamega_Kenya	10.12
MARS-WEMA_270123	Main_Kakamega_Kenya	9.85
MARS-WEMA_270124	Main_Kakamega_Kenya	10.08
MARS-WEMA_270126	Main_Kakamega_Kenya	11.935
MARS-WEMA_270128	Main_Kakamega_Kenya	9.8
MARS-WEMA_270129	Main_Kakamega_Kenya	7.56
MARS-WEMA_270130	Main_Kakamega_Kenya	8.185
MARS-WEMA_270131	Main_Kakamega_Kenya	11.685
MARS-WEMA_270132	Main_Kakamega_Kenya	7.71
MARS-WEMA_270133	Main_Kakamega_Kenya	8.14
MARS-WEMA_270134	Main_Kakamega_Kenya	8
MARS-WEMA_270136	Main_Kakamega_Kenya	10.64
MARS-WEMA_270137	Main_Kakamega_Kenya	9.185
MARS-WEMA_270138	Main_Kakamega_Kenya	9.675
MARS-WEMA_292915	Main_Kakamega_Kenya	9.555
MARS-WEMA_292916	Main_Kakamega_Kenya	10.565
MARS-WEMA_292917	Main_Kakamega_Kenya	10.47
MARS-WEMA_292918	Main_Kakamega_Kenya	9.345
MARS-WEMA_292919	Main_Kakamega_Kenya	10.895
MARS-WEMA_292920	Main_Kakamega_Kenya	10.805
MARS-WEMA_292921	Main_Kakamega_Kenya	7.205
MARS-WEMA_292922	Main_Kakamega_Kenya	7.69
MARS-WEMA_292923	Main_Kakamega_Kenya	11.18
MARS-WEMA_292924	Main_Kakamega_Kenya	9.98
MARS-WEMA_292925	Main_Kakamega_Kenya	9.325
MARS-WEMA_292926	Main_Kakamega_Kenya	9.32
MARS-WEMA_292927	Main_Kakamega_Kenya	9.1
MARS-WEMA_292928	Main_Kakamega_Kenya	8.75
MARS-WEMA_292929	Main_Kakamega_Kenya	8.175
MARS-WEMA_292930	Main_Kakamega_Kenya	10.725
MARS-WEMA_292931	Main_Kakamega_Kenya	11.185
MARS-WEMA_292932	Main_Kakamega_Kenya	8.69
MARS-WEMA_292933	Main_Kakamega_Kenya	10.97
MARS-WEMA_292934	Main_Kakamega_Kenya	12.115
MARS-WEMA_292935	Main_Kakamega_Kenya	10.625
MARS-WEMA_292936	Main_Kakamega_Kenya	9.995
MARS-WEMA_292937	Main_Kakamega_Kenya	10.995
MARS-WEMA_292938	Main_Kakamega_Kenya	9.49
MARS-WEMA_292939	Main_Kakamega_Kenya	12.495
MARS-WEMA_292940	Main_Kakamega_Kenya	8.19
MARS-WEMA_292941	Main_Kakamega_Kenya	10.185
MARS-WEMA_292942	Main_Kakamega_Kenya	9.005
MARS-WEMA_292943	Main_Kakamega_Kenya	9.03
MARS-WEMA_292944	Main_Kakamega_Kenya	8.75
MARS-WEMA_292945	Main_Kakamega_Kenya	10.255
MARS-WEMA_292946	Main_Kakamega_Kenya	9.765
MARS-WEMA_292947	Main_Kakamega_Kenya	9.905
MARS-WEMA_292948	Main_Kakamega_Kenya	8.495
MARS-WEMA_292949	Main_Kakamega_Kenya	9.395
MARS-WEMA_292950	Main_Kakamega_Kenya	10.77
MARS-WEMA_292951	Main_Kakamega_Kenya	10.245
MARS-WEMA_292952	Main_Kakamega_Kenya	7.565
MARS-WEMA_292953	Main_Kakamega_Kenya	10.07
MARS-WEMA_292954	Main_Kakamega_Kenya	6.06
MARS-WEMA_292955	Main_Kakamega_Kenya	9.435
MARS-WEMA_292956	Main_Kakamega_Kenya	9.4
MARS-WEMA_292957	Main_Kakamega_Kenya	11.04
MARS-WEMA_292958	Main_Kakamega_Kenya	9.41
MARS-WEMA_292959	Main_Kakamega_Kenya	10.085
MARS-WEMA_292960	Main_Kakamega_Kenya	11.83
MARS-WEMA_292961	Main_Kakamega_Kenya	9.325
MARS-WEMA_292962	Main_Kakamega_Kenya	9.585
MARS-WEMA_292963	Main_Kakamega_Kenya	8.345
MARS-WEMA_292964	Main_Kakamega_Kenya	11.015
MARS-WEMA_292965	Main_Kakamega_Kenya	10.635
MARS-WEMA_292966	Main_Kakamega_Kenya	10.055
MARS-WEMA_292967	Main_Kakamega_Kenya	7.935
MARS-WEMA_292969	Main_Kakamega_Kenya	9.195
MARS-WEMA_292971	Main_Kakamega_Kenya	8.275
MARS-WEMA_292972	Main_Kakamega_Kenya	9.38
MARS-WEMA_292973	Main_Kakamega_Kenya	12.255
MARS-WEMA_292974	Main_Kakamega_Kenya	8.19
MARS-WEMA_292978	Main_Kakamega_Kenya	9.345
MARS-WEMA_292979	Main_Kakamega_Kenya	8.75
MARS-WEMA_292980	Main_Kakamega_Kenya	11.475
MARS-WEMA_292981	Main_Kakamega_Kenya	9.57
MARS-WEMA_292982	Main_Kakamega_Kenya	11.485
MARS-WEMA_292983	Main_Kakamega_Kenya	8.51
MARS-WEMA_292984	Main_Kakamega_Kenya	11
MARS-WEMA_292985	Main_Kakamega_Kenya	9.42
MARS-WEMA_292986	Main_Kakamega_Kenya	7.685
MARS-WEMA_292987	Main_Kakamega_Kenya	9.33
MARS-WEMA_292988	Main_Kakamega_Kenya	8.17
MARS-WEMA_292989	Main_Kakamega_Kenya	7.805
MARS-WEMA_292990	Main_Kakamega_Kenya	10.325
MARS-WEMA_292991	Main_Kakamega_Kenya	7.98
MARS-WEMA_292992	Main_Kakamega_Kenya	10.69
MARS-WEMA_292993	Main_Kakamega_Kenya	8.94
MARS-WEMA_292995	Main_Kakamega_Kenya	8.375
MARS-WEMA_292996	Main_Kakamega_Kenya	10.51
MARS-WEMA_292997	Main_Kakamega_Kenya	8.255
MARS-WEMA_293000	Main_Kakamega_Kenya	8.795
MARS-WEMA_293002	Main_Kakamega_Kenya	8.51
MARS-WEMA_293004	Main_Kakamega_Kenya	9.345
MARS-WEMA_270040	Main_Kiboko_Kenya	4.4
MARS-WEMA_270041	Main_Kiboko_Kenya	5.995
MARS-WEMA_270042	Main_Kiboko_Kenya	5.45
MARS-WEMA_270045	Main_Kiboko_Kenya	6.235
MARS-WEMA_270046	Main_Kiboko_Kenya	6.21
MARS-WEMA_270047	Main_Kiboko_Kenya	7.125
MARS-WEMA_270049	Main_Kiboko_Kenya	6.095
MARS-WEMA_270050	Main_Kiboko_Kenya	4.635
MARS-WEMA_270051	Main_Kiboko_Kenya	5.635
MARS-WEMA_270053	Main_Kiboko_Kenya	6.01
MARS-WEMA_270054	Main_Kiboko_Kenya	6.355
MARS-WEMA_270055	Main_Kiboko_Kenya	5.435
MARS-WEMA_270056	Main_Kiboko_Kenya	6.31
MARS-WEMA_270057	Main_Kiboko_Kenya	6.975
MARS-WEMA_270058	Main_Kiboko_Kenya	7.445
MARS-WEMA_270059	Main_Kiboko_Kenya	6.13
MARS-WEMA_270060	Main_Kiboko_Kenya	5.675
MARS-WEMA_270061	Main_Kiboko_Kenya	6
MARS-WEMA_270062	Main_Kiboko_Kenya	5.255
MARS-WEMA_270063	Main_Kiboko_Kenya	5.05
MARS-WEMA_270064	Main_Kiboko_Kenya	5.295
MARS-WEMA_270065	Main_Kiboko_Kenya	6.54
MARS-WEMA_270066	Main_Kiboko_Kenya	6.295
MARS-WEMA_270067	Main_Kiboko_Kenya	5.54
MARS-WEMA_270068	Main_Kiboko_Kenya	5.7
MARS-WEMA_270069	Main_Kiboko_Kenya	6.995
MARS-WEMA_270070	Main_Kiboko_Kenya	5.06
MARS-WEMA_270071	Main_Kiboko_Kenya	6.055
MARS-WEMA_270072	Main_Kiboko_Kenya	5.395
MARS-WEMA_270073	Main_Kiboko_Kenya	5.35
MARS-WEMA_270074	Main_Kiboko_Kenya	5.55
MARS-WEMA_270075	Main_Kiboko_Kenya	6.33
MARS-WEMA_270076	Main_Kiboko_Kenya	4.145
MARS-WEMA_270077	Main_Kiboko_Kenya	5.5
MARS-WEMA_270078	Main_Kiboko_Kenya	5.455
MARS-WEMA_270079	Main_Kiboko_Kenya	5.145
MARS-WEMA_270080	Main_Kiboko_Kenya	5.645
MARS-WEMA_270081	Main_Kiboko_Kenya	5.305
MARS-WEMA_270082	Main_Kiboko_Kenya	6.57
MARS-WEMA_270084	Main_Kiboko_Kenya	6.97
MARS-WEMA_270085	Main_Kiboko_Kenya	7.11
MARS-WEMA_270086	Main_Kiboko_Kenya	3.715
MARS-WEMA_270087	Main_Kiboko_Kenya	5.325
MARS-WEMA_270088	Main_Kiboko_Kenya	5.145
MARS-WEMA_270089	Main_Kiboko_Kenya	6.405
MARS-WEMA_270090	Main_Kiboko_Kenya	5.905
MARS-WEMA_270091	Main_Kiboko_Kenya	5.42
MARS-WEMA_270092	Main_Kiboko_Kenya	6.075
MARS-WEMA_270093	Main_Kiboko_Kenya	5.94
MARS-WEMA_270094	Main_Kiboko_Kenya	4.86
MARS-WEMA_270095	Main_Kiboko_Kenya	4.22
MARS-WEMA_270096	Main_Kiboko_Kenya	6.905
MARS-WEMA_270097	Main_Kiboko_Kenya	5.27
MARS-WEMA_270099	Main_Kiboko_Kenya	6.26
MARS-WEMA_270101	Main_Kiboko_Kenya	6.515
MARS-WEMA_270102	Main_Kiboko_Kenya	7.05
MARS-WEMA_270103	Main_Kiboko_Kenya	5.91
MARS-WEMA_270104	Main_Kiboko_Kenya	7.28
MARS-WEMA_270105	Main_Kiboko_Kenya	5.49
MARS-WEMA_270106	Main_Kiboko_Kenya	5.505
MARS-WEMA_270107	Main_Kiboko_Kenya	5.1
MARS-WEMA_270108	Main_Kiboko_Kenya	6
MARS-WEMA_270109	Main_Kiboko_Kenya	4.455
MARS-WEMA_270110	Main_Kiboko_Kenya	5.335
MARS-WEMA_270111	Main_Kiboko_Kenya	5.12
MARS-WEMA_270112	Main_Kiboko_Kenya	5.99
MARS-WEMA_270113	Main_Kiboko_Kenya	6.26
MARS-WEMA_270114	Main_Kiboko_Kenya	5.85
MARS-WEMA_270115	Main_Kiboko_Kenya	6.64
MARS-WEMA_270116	Main_Kiboko_Kenya	6.025
MARS-WEMA_270117	Main_Kiboko_Kenya	5.86
MARS-WEMA_270118	Main_Kiboko_Kenya	6.345
MARS-WEMA_270119	Main_Kiboko_Kenya	6.045
MARS-WEMA_270120	Main_Kiboko_Kenya	6.405
MARS-WEMA_270122	Main_Kiboko_Kenya	5.865
MARS-WEMA_270123	Main_Kiboko_Kenya	6.195
MARS-WEMA_270124	Main_Kiboko_Kenya	5.59
MARS-WEMA_270126	Main_Kiboko_Kenya	6.935
MARS-WEMA_270128	Main_Kiboko_Kenya	7.005
MARS-WEMA_270129	Main_Kiboko_Kenya	5.925
MARS-WEMA_270130	Main_Kiboko_Kenya	7.855
MARS-WEMA_270131	Main_Kiboko_Kenya	6.47
MARS-WEMA_270132	Main_Kiboko_Kenya	5.375
MARS-WEMA_270133	Main_Kiboko_Kenya	8.245
MARS-WEMA_270134	Main_Kiboko_Kenya	6.39
MARS-WEMA_270136	Main_Kiboko_Kenya	5.15
MARS-WEMA_270137	Main_Kiboko_Kenya	5.355
MARS-WEMA_270138	Main_Kiboko_Kenya	6.355
MARS-WEMA_292915	Main_Kiboko_Kenya	5.58
MARS-WEMA_292916	Main_Kiboko_Kenya	7.08
MARS-WEMA_292917	Main_Kiboko_Kenya	5.005
MARS-WEMA_292918	Main_Kiboko_Kenya	5.86
MARS-WEMA_292919	Main_Kiboko_Kenya	5.805
MARS-WEMA_292920	Main_Kiboko_Kenya	6.95
MARS-WEMA_292921	Main_Kiboko_Kenya	6.365
MARS-WEMA_292922	Main_Kiboko_Kenya	6.865
MARS-WEMA_292923	Main_Kiboko_Kenya	4.915
MARS-WEMA_292924	Main_Kiboko_Kenya	4.88
MARS-WEMA_292925	Main_Kiboko_Kenya	4.84
MARS-WEMA_292926	Main_Kiboko_Kenya	5.65
MARS-WEMA_292927	Main_Kiboko_Kenya	6.255
MARS-WEMA_292928	Main_Kiboko_Kenya	5.03
MARS-WEMA_292929	Main_Kiboko_Kenya	4.92
MARS-WEMA_292930	Main_Kiboko_Kenya	7.03
MARS-WEMA_292931	Main_Kiboko_Kenya	6.605
MARS-WEMA_292932	Main_Kiboko_Kenya	5.915
MARS-WEMA_292933	Main_Kiboko_Kenya	6.81
MARS-WEMA_292934	Main_Kiboko_Kenya	4.985
MARS-WEMA_292935	Main_Kiboko_Kenya	4.875
MARS-WEMA_292936	Main_Kiboko_Kenya	6.4
MARS-WEMA_292937	Main_Kiboko_Kenya	6.84
MARS-WEMA_292938	Main_Kiboko_Kenya	5.53
MARS-WEMA_292939	Main_Kiboko_Kenya	6.715
MARS-WEMA_292940	Main_Kiboko_Kenya	4.4
MARS-WEMA_292941	Main_Kiboko_Kenya	5.99
MARS-WEMA_292942	Main_Kiboko_Kenya	5.29
MARS-WEMA_292943	Main_Kiboko_Kenya	6.655
MARS-WEMA_292944	Main_Kiboko_Kenya	6.545
MARS-WEMA_292945	Main_Kiboko_Kenya	7.48
MARS-WEMA_292946	Main_Kiboko_Kenya	4.91
MARS-WEMA_292947	Main_Kiboko_Kenya	6.44
MARS-WEMA_292948	Main_Kiboko_Kenya	7.305
MARS-WEMA_292949	Main_Kiboko_Kenya	6.72
MARS-WEMA_292950	Main_Kiboko_Kenya	7.195
MARS-WEMA_292951	Main_Kiboko_Kenya	7.075
MARS-WEMA_292952	Main_Kiboko_Kenya	7.055
MARS-WEMA_292953	Main_Kiboko_Kenya	5.84
MARS-WEMA_292954	Main_Kiboko_Kenya	6.79
MARS-WEMA_292955	Main_Kiboko_Kenya	4.49
MARS-WEMA_292956	Main_Kiboko_Kenya	6.065
MARS-WEMA_292957	Main_Kiboko_Kenya	6.52
MARS-WEMA_292958	Main_Kiboko_Kenya	4.965
MARS-WEMA_292959	Main_Kiboko_Kenya	5.595
MARS-WEMA_292960	Main_Kiboko_Kenya	6.435
MARS-WEMA_292961	Main_Kiboko_Kenya	5.265
MARS-WEMA_292962	Main_Kiboko_Kenya	5.17
MARS-WEMA_292963	Main_Kiboko_Kenya	6.155
MARS-WEMA_292964	Main_Kiboko_Kenya	6.015
MARS-WEMA_292965	Main_Kiboko_Kenya	5.13
MARS-WEMA_292966	Main_Kiboko_Kenya	4.955
MARS-WEMA_292967	Main_Kiboko_Kenya	6.2
MARS-WEMA_292969	Main_Kiboko_Kenya	5.025
MARS-WEMA_292971	Main_Kiboko_Kenya	7.095
MARS-WEMA_292972	Main_Kiboko_Kenya	5.735
MARS-WEMA_292973	Main_Kiboko_Kenya	7.4
MARS-WEMA_292974	Main_Kiboko_Kenya	5.8
MARS-WEMA_292978	Main_Kiboko_Kenya	4.92
MARS-WEMA_292979	Main_Kiboko_Kenya	6.11
MARS-WEMA_292980	Main_Kiboko_Kenya	6.255
MARS-WEMA_292981	Main_Kiboko_Kenya	6.185
MARS-WEMA_292982	Main_Kiboko_Kenya	6.41
MARS-WEMA_292983	Main_Kiboko_Kenya	6.305
MARS-WEMA_292984	Main_Kiboko_Kenya	4.895
MARS-WEMA_292985	Main_Kiboko_Kenya	5.67
MARS-WEMA_292986	Main_Kiboko_Kenya	5.97
MARS-WEMA_292987	Main_Kiboko_Kenya	5.03
MARS-WEMA_292988	Main_Kiboko_Kenya	5.44
MARS-WEMA_292989	Main_Kiboko_Kenya	7.19
MARS-WEMA_292990	Main_Kiboko_Kenya	7.155
MARS-WEMA_292991	Main_Kiboko_Kenya	4.95
MARS-WEMA_292992	Main_Kiboko_Kenya	5.58
MARS-WEMA_292993	Main_Kiboko_Kenya	6.835
MARS-WEMA_292995	Main_Kiboko_Kenya	4.435
MARS-WEMA_292996	Main_Kiboko_Kenya	6.835
MARS-WEMA_292997	Main_Kiboko_Kenya	6.155
MARS-WEMA_293000	Main_Kiboko_Kenya	6.615
MARS-WEMA_293002	Main_Kiboko_Kenya	7.44
MARS-WEMA_293004	Main_Kiboko_Kenya	5.335
MARS-WEMA_270040	Main_Mtwapa_Kenya	5.79
MARS-WEMA_270041	Main_Mtwapa_Kenya	5.96
MARS-WEMA_270042	Main_Mtwapa_Kenya	5.325
MARS-WEMA_270045	Main_Mtwapa_Kenya	7
MARS-WEMA_270046	Main_Mtwapa_Kenya	5.595
MARS-WEMA_270047	Main_Mtwapa_Kenya	5.255
MARS-WEMA_270049	Main_Mtwapa_Kenya	4.51
MARS-WEMA_270050	Main_Mtwapa_Kenya	5.62
MARS-WEMA_270051	Main_Mtwapa_Kenya	5.52
MARS-WEMA_270053	Main_Mtwapa_Kenya	5.005
MARS-WEMA_270054	Main_Mtwapa_Kenya	4.435
MARS-WEMA_270055	Main_Mtwapa_Kenya	4.16
MARS-WEMA_270056	Main_Mtwapa_Kenya	4.55
MARS-WEMA_270057	Main_Mtwapa_Kenya	5.435
MARS-WEMA_270058	Main_Mtwapa_Kenya	4.32
MARS-WEMA_270059	Main_Mtwapa_Kenya	5.155
MARS-WEMA_270060	Main_Mtwapa_Kenya	7.055
MARS-WEMA_270061	Main_Mtwapa_Kenya	4.98
MARS-WEMA_270062	Main_Mtwapa_Kenya	5.235
MARS-WEMA_270063	Main_Mtwapa_Kenya	3.86
MARS-WEMA_270064	Main_Mtwapa_Kenya	4.05
MARS-WEMA_270065	Main_Mtwapa_Kenya	7.035
MARS-WEMA_270066	Main_Mtwapa_Kenya	5.89
MARS-WEMA_270067	Main_Mtwapa_Kenya	7.045
MARS-WEMA_270068	Main_Mtwapa_Kenya	6.46
MARS-WEMA_270069	Main_Mtwapa_Kenya	5.87
MARS-WEMA_270070	Main_Mtwapa_Kenya	6.66
MARS-WEMA_270071	Main_Mtwapa_Kenya	6.365
MARS-WEMA_270072	Main_Mtwapa_Kenya	5.815
MARS-WEMA_270073	Main_Mtwapa_Kenya	3.8
MARS-WEMA_270074	Main_Mtwapa_Kenya	4.95
MARS-WEMA_270075	Main_Mtwapa_Kenya	7.54
MARS-WEMA_270076	Main_Mtwapa_Kenya	4.4
MARS-WEMA_270077	Main_Mtwapa_Kenya	5.25
MARS-WEMA_270078	Main_Mtwapa_Kenya	5.15
MARS-WEMA_270079	Main_Mtwapa_Kenya	6.645
MARS-WEMA_270080	Main_Mtwapa_Kenya	6.695
MARS-WEMA_270081	Main_Mtwapa_Kenya	4.715
MARS-WEMA_270082	Main_Mtwapa_Kenya	5.71
MARS-WEMA_270084	Main_Mtwapa_Kenya	5.665
MARS-WEMA_270085	Main_Mtwapa_Kenya	4.765
MARS-WEMA_270086	Main_Mtwapa_Kenya	4.925
MARS-WEMA_270087	Main_Mtwapa_Kenya	5.685
MARS-WEMA_270088	Main_Mtwapa_Kenya	6.105
MARS-WEMA_270089	Main_Mtwapa_Kenya	4.665
MARS-WEMA_270090	Main_Mtwapa_Kenya	5.165
MARS-WEMA_270091	Main_Mtwapa_Kenya	4.485
MARS-WEMA_270092	Main_Mtwapa_Kenya	5.13
MARS-WEMA_270093	Main_Mtwapa_Kenya	5.515
MARS-WEMA_270094	Main_Mtwapa_Kenya	5.27
MARS-WEMA_270095	Main_Mtwapa_Kenya	4.81
MARS-WEMA_270096	Main_Mtwapa_Kenya	7.3
MARS-WEMA_270097	Main_Mtwapa_Kenya	5.915
MARS-WEMA_270099	Main_Mtwapa_Kenya	4.39
MARS-WEMA_270101	Main_Mtwapa_Kenya	5.12
MARS-WEMA_270102	Main_Mtwapa_Kenya	4.835
MARS-WEMA_270103	Main_Mtwapa_Kenya	6.47
MARS-WEMA_270104	Main_Mtwapa_Kenya	4.965
MARS-WEMA_270105	Main_Mtwapa_Kenya	4.955
MARS-WEMA_270106	Main_Mtwapa_Kenya	5.35
MARS-WEMA_270107	Main_Mtwapa_Kenya	6.405
MARS-WEMA_270108	Main_Mtwapa_Kenya	5.425
MARS-WEMA_270109	Main_Mtwapa_Kenya	5.02
MARS-WEMA_270110	Main_Mtwapa_Kenya	5.65
MARS-WEMA_270111	Main_Mtwapa_Kenya	6.445
MARS-WEMA_270112	Main_Mtwapa_Kenya	6.4
MARS-WEMA_270113	Main_Mtwapa_Kenya	4.565
MARS-WEMA_270114	Main_Mtwapa_Kenya	5.7
MARS-WEMA_270115	Main_Mtwapa_Kenya	6.675
MARS-WEMA_270116	Main_Mtwapa_Kenya	5.975
MARS-WEMA_270117	Main_Mtwapa_Kenya	5.31
MARS-WEMA_270118	Main_Mtwapa_Kenya	5.29
MARS-WEMA_270119	Main_Mtwapa_Kenya	4.045
MARS-WEMA_270120	Main_Mtwapa_Kenya	7.16
MARS-WEMA_270122	Main_Mtwapa_Kenya	5.3
MARS-WEMA_270123	Main_Mtwapa_Kenya	6.97
MARS-WEMA_270124	Main_Mtwapa_Kenya	3.515
MARS-WEMA_270126	Main_Mtwapa_Kenya	5.54
MARS-WEMA_270128	Main_Mtwapa_Kenya	5.115
MARS-WEMA_270129	Main_Mtwapa_Kenya	4.715
MARS-WEMA_270130	Main_Mtwapa_Kenya	4.56
MARS-WEMA_270131	Main_Mtwapa_Kenya	5.64
MARS-WEMA_270132	Main_Mtwapa_Kenya	6.23
MARS-WEMA_270133	Main_Mtwapa_Kenya	5.44
MARS-WEMA_270134	Main_Mtwapa_Kenya	4.935
MARS-WEMA_270136	Main_Mtwapa_Kenya	4.355
MARS-WEMA_270137	Main_Mtwapa_Kenya	7.52
MARS-WEMA_270138	Main_Mtwapa_Kenya	7.645
MARS-WEMA_292915	Main_Mtwapa_Kenya	3.695
MARS-WEMA_292916	Main_Mtwapa_Kenya	5.53
MARS-WEMA_292917	Main_Mtwapa_Kenya	6.04
MARS-WEMA_292918	Main_Mtwapa_Kenya	5.31
MARS-WEMA_292919	Main_Mtwapa_Kenya	5.295
MARS-WEMA_292920	Main_Mtwapa_Kenya	5.025
MARS-WEMA_292921	Main_Mtwapa_Kenya	7.21
MARS-WEMA_292922	Main_Mtwapa_Kenya	5.455
MARS-WEMA_292923	Main_Mtwapa_Kenya	5.84
MARS-WEMA_292924	Main_Mtwapa_Kenya	7.355
MARS-WEMA_292925	Main_Mtwapa_Kenya	5.645
MARS-WEMA_292926	Main_Mtwapa_Kenya	5.96
MARS-WEMA_292927	Main_Mtwapa_Kenya	3.82
MARS-WEMA_292928	Main_Mtwapa_Kenya	5.38
MARS-WEMA_292929	Main_Mtwapa_Kenya	5.115
MARS-WEMA_292930	Main_Mtwapa_Kenya	5.405
MARS-WEMA_292931	Main_Mtwapa_Kenya	5.065
MARS-WEMA_292932	Main_Mtwapa_Kenya	5.495
MARS-WEMA_292933	Main_Mtwapa_Kenya	3.915
MARS-WEMA_292934	Main_Mtwapa_Kenya	4.535
MARS-WEMA_292935	Main_Mtwapa_Kenya	6.01
MARS-WEMA_292936	Main_Mtwapa_Kenya	5.895
MARS-WEMA_292937	Main_Mtwapa_Kenya	5.035
MARS-WEMA_292938	Main_Mtwapa_Kenya	5.535
MARS-WEMA_292939	Main_Mtwapa_Kenya	5.21
MARS-WEMA_292940	Main_Mtwapa_Kenya	6.415
MARS-WEMA_292941	Main_Mtwapa_Kenya	4.27
MARS-WEMA_292942	Main_Mtwapa_Kenya	6.865
MARS-WEMA_292943	Main_Mtwapa_Kenya	5.705
MARS-WEMA_292944	Main_Mtwapa_Kenya	6.55
MARS-WEMA_292945	Main_Mtwapa_Kenya	6.26
MARS-WEMA_292946	Main_Mtwapa_Kenya	6.075
MARS-WEMA_292947	Main_Mtwapa_Kenya	5.79
MARS-WEMA_292948	Main_Mtwapa_Kenya	4.58
MARS-WEMA_292949	Main_Mtwapa_Kenya	4.53
MARS-WEMA_292950	Main_Mtwapa_Kenya	5.26
MARS-WEMA_292951	Main_Mtwapa_Kenya	6.595
MARS-WEMA_292952	Main_Mtwapa_Kenya	8.445
MARS-WEMA_292953	Main_Mtwapa_Kenya	6.265
MARS-WEMA_292954	Main_Mtwapa_Kenya	4.655
MARS-WEMA_292955	Main_Mtwapa_Kenya	6.015
MARS-WEMA_292956	Main_Mtwapa_Kenya	4.15
MARS-WEMA_292957	Main_Mtwapa_Kenya	6.35
MARS-WEMA_292958	Main_Mtwapa_Kenya	3.41
MARS-WEMA_292959	Main_Mtwapa_Kenya	7.46
MARS-WEMA_292960	Main_Mtwapa_Kenya	5.04
MARS-WEMA_292961	Main_Mtwapa_Kenya	2.81
MARS-WEMA_292962	Main_Mtwapa_Kenya	5.265
MARS-WEMA_292963	Main_Mtwapa_Kenya	5.255
MARS-WEMA_292964	Main_Mtwapa_Kenya	5.76
MARS-WEMA_292965	Main_Mtwapa_Kenya	3.955
MARS-WEMA_292966	Main_Mtwapa_Kenya	7.04
MARS-WEMA_292967	Main_Mtwapa_Kenya	4.98
MARS-WEMA_292969	Main_Mtwapa_Kenya	4.015
MARS-WEMA_292971	Main_Mtwapa_Kenya	6.84
MARS-WEMA_292972	Main_Mtwapa_Kenya	4.73
MARS-WEMA_292973	Main_Mtwapa_Kenya	6.575
MARS-WEMA_292974	Main_Mtwapa_Kenya	4.735
MARS-WEMA_292978	Main_Mtwapa_Kenya	5.71
MARS-WEMA_292979	Main_Mtwapa_Kenya	5.325
MARS-WEMA_292980	Main_Mtwapa_Kenya	5.23
MARS-WEMA_292981	Main_Mtwapa_Kenya	6.29
MARS-WEMA_292982	Main_Mtwapa_Kenya	5.63
MARS-WEMA_292983	Main_Mtwapa_Kenya	6.595
MARS-WEMA_292984	Main_Mtwapa_Kenya	4.92
MARS-WEMA_292985	Main_Mtwapa_Kenya	5.87
MARS-WEMA_292986	Main_Mtwapa_Kenya	5.27
MARS-WEMA_292987	Main_Mtwapa_Kenya	4.99
MARS-WEMA_292988	Main_Mtwapa_Kenya	5.305
MARS-WEMA_292989	Main_Mtwapa_Kenya	6.925
MARS-WEMA_292990	Main_Mtwapa_Kenya	5.62
MARS-WEMA_292991	Main_Mtwapa_Kenya	4.315
MARS-WEMA_292992	Main_Mtwapa_Kenya	5.095
MARS-WEMA_292993	Main_Mtwapa_Kenya	6.675
MARS-WEMA_292995	Main_Mtwapa_Kenya	6.795
MARS-WEMA_292996	Main_Mtwapa_Kenya	6.59
MARS-WEMA_292997	Main_Mtwapa_Kenya	5.54
MARS-WEMA_293000	Main_Mtwapa_Kenya	4.375
MARS-WEMA_293002	Main_Mtwapa_Kenya	5.75
MARS-WEMA_293004	Main_Mtwapa_Kenya	4.635
MARS-WEMA_270040	Off_Isinya_Kenya	4.57
MARS-WEMA_270041	Off_Isinya_Kenya	4.065
MARS-WEMA_270042	Off_Isinya_Kenya	4.94
MARS-WEMA_270045	Off_Isinya_Kenya	4.05
MARS-WEMA_270046	Off_Isinya_Kenya	4.35
MARS-WEMA_270047	Off_Isinya_Kenya	4.23
MARS-WEMA_270049	Off_Isinya_Kenya	4.52
MARS-WEMA_270050	Off_Isinya_Kenya	3.51
MARS-WEMA_270051	Off_Isinya_Kenya	4.36
MARS-WEMA_270053	Off_Isinya_Kenya	4.5
MARS-WEMA_270054	Off_Isinya_Kenya	3.03
MARS-WEMA_270055	Off_Isinya_Kenya	4.435
MARS-WEMA_270056	Off_Isinya_Kenya	4.245
MARS-WEMA_270057	Off_Isinya_Kenya	4.205
MARS-WEMA_270058	Off_Isinya_Kenya	3.24
MARS-WEMA_270059	Off_Isinya_Kenya	3.83
MARS-WEMA_270060	Off_Isinya_Kenya	4.15
MARS-WEMA_270061	Off_Isinya_Kenya	4.24
MARS-WEMA_270062	Off_Isinya_Kenya	5.185
MARS-WEMA_270063	Off_Isinya_Kenya	4.13
MARS-WEMA_270064	Off_Isinya_Kenya	5.005
MARS-WEMA_270065	Off_Isinya_Kenya	4.45
MARS-WEMA_270066	Off_Isinya_Kenya	5.005
MARS-WEMA_270067	Off_Isinya_Kenya	4.485
MARS-WEMA_270068	Off_Isinya_Kenya	4.485
MARS-WEMA_270069	Off_Isinya_Kenya	4.86
MARS-WEMA_270070	Off_Isinya_Kenya	4.645
MARS-WEMA_270071	Off_Isinya_Kenya	4.05
MARS-WEMA_270072	Off_Isinya_Kenya	4.58
MARS-WEMA_270073	Off_Isinya_Kenya	4.195
MARS-WEMA_270074	Off_Isinya_Kenya	4.79
MARS-WEMA_270075	Off_Isinya_Kenya	4.855
MARS-WEMA_270076	Off_Isinya_Kenya	4.68
MARS-WEMA_270077	Off_Isinya_Kenya	5.465
MARS-WEMA_270078	Off_Isinya_Kenya	4.675
MARS-WEMA_270079	Off_Isinya_Kenya	4.97
MARS-WEMA_270080	Off_Isinya_Kenya	4.535
MARS-WEMA_270081	Off_Isinya_Kenya	3.88
MARS-WEMA_270082	Off_Isinya_Kenya	4.96
MARS-WEMA_270084	Off_Isinya_Kenya	4.74
MARS-WEMA_270085	Off_Isinya_Kenya	4.42
MARS-WEMA_270086	Off_Isinya_Kenya	3.84
MARS-WEMA_270087	Off_Isinya_Kenya	4.045
MARS-WEMA_270088	Off_Isinya_Kenya	3.775
MARS-WEMA_270089	Off_Isinya_Kenya	4.435
MARS-WEMA_270090	Off_Isinya_Kenya	4.485
MARS-WEMA_270091	Off_Isinya_Kenya	5.035
MARS-WEMA_270092	Off_Isinya_Kenya	3.585
MARS-WEMA_270093	Off_Isinya_Kenya	4.725
MARS-WEMA_270094	Off_Isinya_Kenya	4.55
MARS-WEMA_270095	Off_Isinya_Kenya	4.045
MARS-WEMA_270096	Off_Isinya_Kenya	4.325
MARS-WEMA_270097	Off_Isinya_Kenya	4.575
MARS-WEMA_270099	Off_Isinya_Kenya	4.895
MARS-WEMA_270101	Off_Isinya_Kenya	4.015
MARS-WEMA_270102	Off_Isinya_Kenya	4.795
MARS-WEMA_270103	Off_Isinya_Kenya	4.745
MARS-WEMA_270104	Off_Isinya_Kenya	5.18
MARS-WEMA_270105	Off_Isinya_Kenya	4.425
MARS-WEMA_270106	Off_Isinya_Kenya	4.335
MARS-WEMA_270107	Off_Isinya_Kenya	4.43
MARS-WEMA_270108	Off_Isinya_Kenya	3.795
MARS-WEMA_270109	Off_Isinya_Kenya	3.79
MARS-WEMA_270110	Off_Isinya_Kenya	4.33
MARS-WEMA_270111	Off_Isinya_Kenya	4.86
MARS-WEMA_270112	Off_Isinya_Kenya	5.02
MARS-WEMA_270113	Off_Isinya_Kenya	4.675
MARS-WEMA_270114	Off_Isinya_Kenya	4.325
MARS-WEMA_270115	Off_Isinya_Kenya	4.07
MARS-WEMA_270116	Off_Isinya_Kenya	4.635
MARS-WEMA_270117	Off_Isinya_Kenya	4.56
MARS-WEMA_270118	Off_Isinya_Kenya	4.05
MARS-WEMA_270119	Off_Isinya_Kenya	4.63
MARS-WEMA_270120	Off_Isinya_Kenya	4.81
MARS-WEMA_270122	Off_Isinya_Kenya	5.35
MARS-WEMA_270123	Off_Isinya_Kenya	4.225
MARS-WEMA_270124	Off_Isinya_Kenya	3.765
MARS-WEMA_270126	Off_Isinya_Kenya	4.025
MARS-WEMA_270128	Off_Isinya_Kenya	3.835
MARS-WEMA_270129	Off_Isinya_Kenya	5.205
MARS-WEMA_270130	Off_Isinya_Kenya	4.23
MARS-WEMA_270131	Off_Isinya_Kenya	4.735
MARS-WEMA_270132	Off_Isinya_Kenya	3.465
MARS-WEMA_270133	Off_Isinya_Kenya	4.965
MARS-WEMA_270134	Off_Isinya_Kenya	5.015
MARS-WEMA_270136	Off_Isinya_Kenya	4.74
MARS-WEMA_270137	Off_Isinya_Kenya	3.99
MARS-WEMA_270138	Off_Isinya_Kenya	4.435
MARS-WEMA_292915	Off_Isinya_Kenya	5.355
MARS-WEMA_292916	Off_Isinya_Kenya	4.92
MARS-WEMA_292917	Off_Isinya_Kenya	5.56
MARS-WEMA_292918	Off_Isinya_Kenya	5.14
MARS-WEMA_292919	Off_Isinya_Kenya	4.4
MARS-WEMA_292920	Off_Isinya_Kenya	3.685
MARS-WEMA_292921	Off_Isinya_Kenya	4.295
MARS-WEMA_292922	Off_Isinya_Kenya	3.825
MARS-WEMA_292923	Off_Isinya_Kenya	4.415
MARS-WEMA_292924	Off_Isinya_Kenya	4.25
MARS-WEMA_292925	Off_Isinya_Kenya	4.31
MARS-WEMA_292926	Off_Isinya_Kenya	4.345
MARS-WEMA_292927	Off_Isinya_Kenya	3.845
MARS-WEMA_292928	Off_Isinya_Kenya	4.76
MARS-WEMA_292929	Off_Isinya_Kenya	3.945
MARS-WEMA_292930	Off_Isinya_Kenya	4.755
MARS-WEMA_292931	Off_Isinya_Kenya	4.15
MARS-WEMA_292932	Off_Isinya_Kenya	4.595
MARS-WEMA_292933	Off_Isinya_Kenya	4.795
MARS-WEMA_292934	Off_Isinya_Kenya	4.6
MARS-WEMA_292935	Off_Isinya_Kenya	5.08
MARS-WEMA_292936	Off_Isinya_Kenya	4.63
MARS-WEMA_292937	Off_Isinya_Kenya	3.88
MARS-WEMA_292938	Off_Isinya_Kenya	4.505
MARS-WEMA_292939	Off_Isinya_Kenya	3.85
MARS-WEMA_292940	Off_Isinya_Kenya	4.115
MARS-WEMA_292941	Off_Isinya_Kenya	4.175
MARS-WEMA_292942	Off_Isinya_Kenya	4.875
MARS-WEMA_292943	Off_Isinya_Kenya	5.035
MARS-WEMA_292944	Off_Isinya_Kenya	3.385
MARS-WEMA_292945	Off_Isinya_Kenya	4.335
MARS-WEMA_292946	Off_Isinya_Kenya	4.685
MARS-WEMA_292947	Off_Isinya_Kenya	3.985
MARS-WEMA_292948	Off_Isinya_Kenya	3.95
MARS-WEMA_292949	Off_Isinya_Kenya	4.865
MARS-WEMA_292950	Off_Isinya_Kenya	3.32
MARS-WEMA_292951	Off_Isinya_Kenya	5.395
MARS-WEMA_292952	Off_Isinya_Kenya	5.21
MARS-WEMA_292953	Off_Isinya_Kenya	4.25
MARS-WEMA_292954	Off_Isinya_Kenya	4.18
MARS-WEMA_292955	Off_Isinya_Kenya	3.99
MARS-WEMA_292956	Off_Isinya_Kenya	5.165
MARS-WEMA_292957	Off_Isinya_Kenya	5.495
MARS-WEMA_292958	Off_Isinya_Kenya	4.885
MARS-WEMA_292959	Off_Isinya_Kenya	3.99
MARS-WEMA_292960	Off_Isinya_Kenya	3.915
MARS-WEMA_292961	Off_Isinya_Kenya	4.815
MARS-WEMA_292962	Off_Isinya_Kenya	5.04
MARS-WEMA_292963	Off_Isinya_Kenya	4.57
MARS-WEMA_292964	Off_Isinya_Kenya	4.4
MARS-WEMA_292965	Off_Isinya_Kenya	5.305
MARS-WEMA_292966	Off_Isinya_Kenya	4.23
MARS-WEMA_292967	Off_Isinya_Kenya	4.19
MARS-WEMA_292969	Off_Isinya_Kenya	4.825
MARS-WEMA_292971	Off_Isinya_Kenya	4.97
MARS-WEMA_292972	Off_Isinya_Kenya	4.23
MARS-WEMA_292973	Off_Isinya_Kenya	5.015
MARS-WEMA_292974	Off_Isinya_Kenya	4.845
MARS-WEMA_292978	Off_Isinya_Kenya	4.6
MARS-WEMA_292979	Off_Isinya_Kenya	4.535
MARS-WEMA_292980	Off_Isinya_Kenya	5.055
MARS-WEMA_292981	Off_Isinya_Kenya	3.705
MARS-WEMA_292982	Off_Isinya_Kenya	4.605
MARS-WEMA_292983	Off_Isinya_Kenya	5.39
MARS-WEMA_292984	Off_Isinya_Kenya	4.385
MARS-WEMA_292985	Off_Isinya_Kenya	5.185
MARS-WEMA_292986	Off_Isinya_Kenya	4.435
MARS-WEMA_292987	Off_Isinya_Kenya	5.225
MARS-WEMA_292988	Off_Isinya_Kenya	4.14
MARS-WEMA_292989	Off_Isinya_Kenya	5.04
MARS-WEMA_292990	Off_Isinya_Kenya	5.115
MARS-WEMA_292991	Off_Isinya_Kenya	5.02
MARS-WEMA_292992	Off_Isinya_Kenya	4.475
MARS-WEMA_292993	Off_Isinya_Kenya	4.225
MARS-WEMA_292995	Off_Isinya_Kenya	4.595
MARS-WEMA_292996	Off_Isinya_Kenya	4.265
MARS-WEMA_292997	Off_Isinya_Kenya	4.48
MARS-WEMA_293000	Off_Isinya_Kenya	4.98
MARS-WEMA_293002	Off_Isinya_Kenya	4.77
MARS-WEMA_293004	Off_Isinya_Kenya	4.705
MARS-WEMA_270040	Off_Kiboko_Kenya	2.685
MARS-WEMA_270041	Off_Kiboko_Kenya	2.555
MARS-WEMA_270042	Off_Kiboko_Kenya	2.365
MARS-WEMA_270045	Off_Kiboko_Kenya	1.975
MARS-WEMA_270046	Off_Kiboko_Kenya	2.38
MARS-WEMA_270047	Off_Kiboko_Kenya	2.255
MARS-WEMA_270049	Off_Kiboko_Kenya	3.055
MARS-WEMA_270050	Off_Kiboko_Kenya	2.695
MARS-WEMA_270051	Off_Kiboko_Kenya	2.345
MARS-WEMA_270053	Off_Kiboko_Kenya	2.295
MARS-WEMA_270054	Off_Kiboko_Kenya	2.54
MARS-WEMA_270055	Off_Kiboko_Kenya	2
MARS-WEMA_270056	Off_Kiboko_Kenya	2.31
MARS-WEMA_270057	Off_Kiboko_Kenya	2.375
MARS-WEMA_270058	Off_Kiboko_Kenya	1.965
MARS-WEMA_270059	Off_Kiboko_Kenya	2.95
MARS-WEMA_270060	Off_Kiboko_Kenya	2.035
MARS-WEMA_270061	Off_Kiboko_Kenya	2.89
MARS-WEMA_270062	Off_Kiboko_Kenya	1.85
MARS-WEMA_270063	Off_Kiboko_Kenya	2.825
MARS-WEMA_270064	Off_Kiboko_Kenya	2.49
MARS-WEMA_270065	Off_Kiboko_Kenya	2.335
MARS-WEMA_270066	Off_Kiboko_Kenya	2.61
MARS-WEMA_270067	Off_Kiboko_Kenya	3.385
MARS-WEMA_270068	Off_Kiboko_Kenya	2.26
MARS-WEMA_270069	Off_Kiboko_Kenya	2.94
MARS-WEMA_270070	Off_Kiboko_Kenya	3.095
MARS-WEMA_270071	Off_Kiboko_Kenya	1.835
MARS-WEMA_270072	Off_Kiboko_Kenya	1.655
MARS-WEMA_270073	Off_Kiboko_Kenya	1.54
MARS-WEMA_270074	Off_Kiboko_Kenya	3.065
MARS-WEMA_270075	Off_Kiboko_Kenya	3.1
MARS-WEMA_270076	Off_Kiboko_Kenya	2.36
MARS-WEMA_270077	Off_Kiboko_Kenya	1.195
MARS-WEMA_270078	Off_Kiboko_Kenya	4.155
MARS-WEMA_270079	Off_Kiboko_Kenya	2.43
MARS-WEMA_270080	Off_Kiboko_Kenya	2.145
MARS-WEMA_270081	Off_Kiboko_Kenya	3.48
MARS-WEMA_270082	Off_Kiboko_Kenya	3.115
MARS-WEMA_270084	Off_Kiboko_Kenya	3.07
MARS-WEMA_270085	Off_Kiboko_Kenya	2.985
MARS-WEMA_270086	Off_Kiboko_Kenya	3.17
MARS-WEMA_270087	Off_Kiboko_Kenya	1.655
MARS-WEMA_270088	Off_Kiboko_Kenya	2.63
MARS-WEMA_270089	Off_Kiboko_Kenya	1.81
MARS-WEMA_270090	Off_Kiboko_Kenya	3.64
MARS-WEMA_270091	Off_Kiboko_Kenya	1.905
MARS-WEMA_270092	Off_Kiboko_Kenya	1.965
MARS-WEMA_270093	Off_Kiboko_Kenya	2.76
MARS-WEMA_270094	Off_Kiboko_Kenya	2.52
MARS-WEMA_270095	Off_Kiboko_Kenya	1.67
MARS-WEMA_270096	Off_Kiboko_Kenya	3.12
MARS-WEMA_270097	Off_Kiboko_Kenya	2.02
MARS-WEMA_270099	Off_Kiboko_Kenya	3.87
MARS-WEMA_270101	Off_Kiboko_Kenya	2.67
MARS-WEMA_270102	Off_Kiboko_Kenya	2.28
MARS-WEMA_270103	Off_Kiboko_Kenya	2.64
MARS-WEMA_270104	Off_Kiboko_Kenya	3.32
MARS-WEMA_270105	Off_Kiboko_Kenya	1.96
MARS-WEMA_270106	Off_Kiboko_Kenya	1.36
MARS-WEMA_270107	Off_Kiboko_Kenya	1.775
MARS-WEMA_270108	Off_Kiboko_Kenya	2.075
MARS-WEMA_270109	Off_Kiboko_Kenya	2.995
MARS-WEMA_270110	Off_Kiboko_Kenya	2.705
MARS-WEMA_270111	Off_Kiboko_Kenya	2.42
MARS-WEMA_270112	Off_Kiboko_Kenya	3.21
MARS-WEMA_270113	Off_Kiboko_Kenya	2.61
MARS-WEMA_270114	Off_Kiboko_Kenya	3.09
MARS-WEMA_270115	Off_Kiboko_Kenya	2.705
MARS-WEMA_270116	Off_Kiboko_Kenya	2.185
MARS-WEMA_270117	Off_Kiboko_Kenya	2.87
MARS-WEMA_270118	Off_Kiboko_Kenya	3.02
MARS-WEMA_270119	Off_Kiboko_Kenya	2.265
MARS-WEMA_270120	Off_Kiboko_Kenya	2.445
MARS-WEMA_270122	Off_Kiboko_Kenya	1.995
MARS-WEMA_270123	Off_Kiboko_Kenya	2.1
MARS-WEMA_270124	Off_Kiboko_Kenya	3.5
MARS-WEMA_270126	Off_Kiboko_Kenya	2.395
MARS-WEMA_270128	Off_Kiboko_Kenya	3.505
MARS-WEMA_270129	Off_Kiboko_Kenya	2.845
MARS-WEMA_270130	Off_Kiboko_Kenya	3.59
MARS-WEMA_270131	Off_Kiboko_Kenya	3.38
MARS-WEMA_270132	Off_Kiboko_Kenya	1.39
MARS-WEMA_270133	Off_Kiboko_Kenya	2.625
MARS-WEMA_270134	Off_Kiboko_Kenya	2.085
MARS-WEMA_270136	Off_Kiboko_Kenya	2.54
MARS-WEMA_270137	Off_Kiboko_Kenya	2.895
MARS-WEMA_270138	Off_Kiboko_Kenya	1.01
MARS-WEMA_292915	Off_Kiboko_Kenya	3.33
MARS-WEMA_292916	Off_Kiboko_Kenya	1.64
MARS-WEMA_292917	Off_Kiboko_Kenya	1.955
MARS-WEMA_292918	Off_Kiboko_Kenya	2.62
MARS-WEMA_292919	Off_Kiboko_Kenya	3.19
MARS-WEMA_292920	Off_Kiboko_Kenya	2.035
MARS-WEMA_292921	Off_Kiboko_Kenya	2.36
MARS-WEMA_292922	Off_Kiboko_Kenya	2.28
MARS-WEMA_292923	Off_Kiboko_Kenya	1.655
MARS-WEMA_292924	Off_Kiboko_Kenya	2.36
MARS-WEMA_292925	Off_Kiboko_Kenya	3.155
MARS-WEMA_292926	Off_Kiboko_Kenya	1.705
MARS-WEMA_292927	Off_Kiboko_Kenya	2
MARS-WEMA_292928	Off_Kiboko_Kenya	2.6
MARS-WEMA_292929	Off_Kiboko_Kenya	2.64
MARS-WEMA_292930	Off_Kiboko_Kenya	1.96
MARS-WEMA_292931	Off_Kiboko_Kenya	2.42
MARS-WEMA_292932	Off_Kiboko_Kenya	2.595
MARS-WEMA_292933	Off_Kiboko_Kenya	2.335
MARS-WEMA_292934	Off_Kiboko_Kenya	2.36
MARS-WEMA_292935	Off_Kiboko_Kenya	2.78
MARS-WEMA_292936	Off_Kiboko_Kenya	3.175
MARS-WEMA_292937	Off_Kiboko_Kenya	2.775
MARS-WEMA_292938	Off_Kiboko_Kenya	2.57
MARS-WEMA_292939	Off_Kiboko_Kenya	3.2
MARS-WEMA_292940	Off_Kiboko_Kenya	2.68
MARS-WEMA_292941	Off_Kiboko_Kenya	2.48
MARS-WEMA_292942	Off_Kiboko_Kenya	2.055
MARS-WEMA_292943	Off_Kiboko_Kenya	2.17
MARS-WEMA_292944	Off_Kiboko_Kenya	2.935
MARS-WEMA_292945	Off_Kiboko_Kenya	2.42
MARS-WEMA_292946	Off_Kiboko_Kenya	2.925
MARS-WEMA_292947	Off_Kiboko_Kenya	2.925
MARS-WEMA_292948	Off_Kiboko_Kenya	3.355
MARS-WEMA_292949	Off_Kiboko_Kenya	2.735
MARS-WEMA_292950	Off_Kiboko_Kenya	2.465
MARS-WEMA_292951	Off_Kiboko_Kenya	3.025
MARS-WEMA_292952	Off_Kiboko_Kenya	2.665
MARS-WEMA_292953	Off_Kiboko_Kenya	2.81
MARS-WEMA_292954	Off_Kiboko_Kenya	3.56
MARS-WEMA_292955	Off_Kiboko_Kenya	2.44
MARS-WEMA_292956	Off_Kiboko_Kenya	2.615
MARS-WEMA_292957	Off_Kiboko_Kenya	1.485
MARS-WEMA_292958	Off_Kiboko_Kenya	2.62
MARS-WEMA_292959	Off_Kiboko_Kenya	3.24
MARS-WEMA_292960	Off_Kiboko_Kenya	2.09
MARS-WEMA_292961	Off_Kiboko_Kenya	4.26
MARS-WEMA_292962	Off_Kiboko_Kenya	1.75
MARS-WEMA_292963	Off_Kiboko_Kenya	2.575
MARS-WEMA_292964	Off_Kiboko_Kenya	2.49
MARS-WEMA_292965	Off_Kiboko_Kenya	3.115
MARS-WEMA_292966	Off_Kiboko_Kenya	2.215
MARS-WEMA_292967	Off_Kiboko_Kenya	2
MARS-WEMA_292969	Off_Kiboko_Kenya	2.9
MARS-WEMA_292971	Off_Kiboko_Kenya	3.275
MARS-WEMA_292972	Off_Kiboko_Kenya	3.06
MARS-WEMA_292973	Off_Kiboko_Kenya	3.105
MARS-WEMA_292974	Off_Kiboko_Kenya	2.51
MARS-WEMA_292978	Off_Kiboko_Kenya	2.295
MARS-WEMA_292979	Off_Kiboko_Kenya	2.56
MARS-WEMA_292980	Off_Kiboko_Kenya	2.395
MARS-WEMA_292981	Off_Kiboko_Kenya	2.84
MARS-WEMA_292982	Off_Kiboko_Kenya	2.255
MARS-WEMA_292983	Off_Kiboko_Kenya	3.025
MARS-WEMA_292984	Off_Kiboko_Kenya	2.42
MARS-WEMA_292985	Off_Kiboko_Kenya	2.965
MARS-WEMA_292986	Off_Kiboko_Kenya	2.79
MARS-WEMA_292987	Off_Kiboko_Kenya	3.335
MARS-WEMA_292988	Off_Kiboko_Kenya	2.09
MARS-WEMA_292989	Off_Kiboko_Kenya	2.92
MARS-WEMA_292990	Off_Kiboko_Kenya	2.565
MARS-WEMA_292991	Off_Kiboko_Kenya	1.65
MARS-WEMA_292992	Off_Kiboko_Kenya	2.56
MARS-WEMA_292993	Off_Kiboko_Kenya	2.6
MARS-WEMA_292995	Off_Kiboko_Kenya	2.56
MARS-WEMA_292996	Off_Kiboko_Kenya	2.46
MARS-WEMA_292997	Off_Kiboko_Kenya	3.37
MARS-WEMA_293000	Off_Kiboko_Kenya	2.925
MARS-WEMA_293002	Off_Kiboko_Kenya	3.115
MARS-WEMA_293004	Off_Kiboko_Kenya	2.04
MARS-WEMA_270040	Off_Nanga_Zambia	1.04
MARS-WEMA_270041	Off_Nanga_Zambia	0.805
MARS-WEMA_270042	Off_Nanga_Zambia	0.66
MARS-WEMA_270045	Off_Nanga_Zambia	0.845
MARS-WEMA_270046	Off_Nanga_Zambia	0.875
MARS-WEMA_270047	Off_Nanga_Zambia	0.595
MARS-WEMA_270049	Off_Nanga_Zambia	0.87
MARS-WEMA_270050	Off_Nanga_Zambia	0.515
MARS-WEMA_270051	Off_Nanga_Zambia	0.9
MARS-WEMA_270053	Off_Nanga_Zambia	0.76
MARS-WEMA_270054	Off_Nanga_Zambia	1.945
MARS-WEMA_270055	Off_Nanga_Zambia	0.7
MARS-WEMA_270056	Off_Nanga_Zambia	0.94
MARS-WEMA_270057	Off_Nanga_Zambia	0.42
MARS-WEMA_270058	Off_Nanga_Zambia	1.185
MARS-WEMA_270059	Off_Nanga_Zambia	0.835
MARS-WEMA_270060	Off_Nanga_Zambia	0.85
MARS-WEMA_270061	Off_Nanga_Zambia	1.12
MARS-WEMA_270062	Off_Nanga_Zambia	1.295
MARS-WEMA_270063	Off_Nanga_Zambia	1.26
MARS-WEMA_270064	Off_Nanga_Zambia	0.69
MARS-WEMA_270065	Off_Nanga_Zambia	1.305
MARS-WEMA_270066	Off_Nanga_Zambia	0.475
MARS-WEMA_270067	Off_Nanga_Zambia	1.32
MARS-WEMA_270068	Off_Nanga_Zambia	0.465
MARS-WEMA_270069	Off_Nanga_Zambia	1.11
MARS-WEMA_270070	Off_Nanga_Zambia	1.53
MARS-WEMA_270071	Off_Nanga_Zambia	0.59
MARS-WEMA_270072	Off_Nanga_Zambia	1.735
MARS-WEMA_270073	Off_Nanga_Zambia	1.12
MARS-WEMA_270074	Off_Nanga_Zambia	1.21
MARS-WEMA_270075	Off_Nanga_Zambia	1.37
MARS-WEMA_270076	Off_Nanga_Zambia	1.06
MARS-WEMA_270077	Off_Nanga_Zambia	1.4
MARS-WEMA_270078	Off_Nanga_Zambia	1.485
MARS-WEMA_270079	Off_Nanga_Zambia	0.685
MARS-WEMA_270080	Off_Nanga_Zambia	1.01
MARS-WEMA_270081	Off_Nanga_Zambia	0.385
MARS-WEMA_270082	Off_Nanga_Zambia	1
MARS-WEMA_270084	Off_Nanga_Zambia	1.495
MARS-WEMA_270085	Off_Nanga_Zambia	0.535
MARS-WEMA_270086	Off_Nanga_Zambia	0.91
MARS-WEMA_270087	Off_Nanga_Zambia	1.2
MARS-WEMA_270088	Off_Nanga_Zambia	0.61
MARS-WEMA_270089	Off_Nanga_Zambia	0.805
MARS-WEMA_270090	Off_Nanga_Zambia	1.625
MARS-WEMA_270091	Off_Nanga_Zambia	1.155
MARS-WEMA_270092	Off_Nanga_Zambia	1.08
MARS-WEMA_270093	Off_Nanga_Zambia	1.135
MARS-WEMA_270094	Off_Nanga_Zambia	0.725
MARS-WEMA_270095	Off_Nanga_Zambia	0.68
MARS-WEMA_270096	Off_Nanga_Zambia	0.875
MARS-WEMA_270097	Off_Nanga_Zambia	1.105
MARS-WEMA_270099	Off_Nanga_Zambia	1.105
MARS-WEMA_270101	Off_Nanga_Zambia	1.205
MARS-WEMA_270102	Off_Nanga_Zambia	1.235
MARS-WEMA_270103	Off_Nanga_Zambia	1.23
MARS-WEMA_270104	Off_Nanga_Zambia	0.775
MARS-WEMA_270105	Off_Nanga_Zambia	0.895
MARS-WEMA_270106	Off_Nanga_Zambia	1.38
MARS-WEMA_270107	Off_Nanga_Zambia	0.84
MARS-WEMA_270108	Off_Nanga_Zambia	0.805
MARS-WEMA_270109	Off_Nanga_Zambia	0.8
MARS-WEMA_270110	Off_Nanga_Zambia	0.64
MARS-WEMA_270111	Off_Nanga_Zambia	0.71
MARS-WEMA_270112	Off_Nanga_Zambia	1.09
MARS-WEMA_270113	Off_Nanga_Zambia	1.65
MARS-WEMA_270114	Off_Nanga_Zambia	1.205
MARS-WEMA_270115	Off_Nanga_Zambia	0.83
MARS-WEMA_270116	Off_Nanga_Zambia	0.91
MARS-WEMA_270117	Off_Nanga_Zambia	0.935
MARS-WEMA_270118	Off_Nanga_Zambia	1.375
MARS-WEMA_270119	Off_Nanga_Zambia	0.585
MARS-WEMA_270120	Off_Nanga_Zambia	1.95
MARS-WEMA_270122	Off_Nanga_Zambia	1.35
MARS-WEMA_270123	Off_Nanga_Zambia	0.455
MARS-WEMA_270124	Off_Nanga_Zambia	1.43
MARS-WEMA_270126	Off_Nanga_Zambia	0.975
MARS-WEMA_270128	Off_Nanga_Zambia	1.64
MARS-WEMA_270129	Off_Nanga_Zambia	0.69
MARS-WEMA_270130	Off_Nanga_Zambia	1.115
MARS-WEMA_270131	Off_Nanga_Zambia	0.57
MARS-WEMA_270132	Off_Nanga_Zambia	0.545
MARS-WEMA_270133	Off_Nanga_Zambia	1.025
MARS-WEMA_270134	Off_Nanga_Zambia	1.06
MARS-WEMA_270136	Off_Nanga_Zambia	1.115
MARS-WEMA_270137	Off_Nanga_Zambia	1.225
MARS-WEMA_270138	Off_Nanga_Zambia	0.995
MARS-WEMA_292915	Off_Nanga_Zambia	1.37
MARS-WEMA_292916	Off_Nanga_Zambia	1.07
MARS-WEMA_292917	Off_Nanga_Zambia	0.605
MARS-WEMA_292918	Off_Nanga_Zambia	0.39
MARS-WEMA_292919	Off_Nanga_Zambia	1.915
MARS-WEMA_292920	Off_Nanga_Zambia	1.85
MARS-WEMA_292921	Off_Nanga_Zambia	1.145
MARS-WEMA_292922	Off_Nanga_Zambia	1.4
MARS-WEMA_292923	Off_Nanga_Zambia	0.315
MARS-WEMA_292924	Off_Nanga_Zambia	0.84
MARS-WEMA_292925	Off_Nanga_Zambia	1.66
MARS-WEMA_292926	Off_Nanga_Zambia	0.99
MARS-WEMA_292927	Off_Nanga_Zambia	1.19
MARS-WEMA_292928	Off_Nanga_Zambia	1.735
MARS-WEMA_292929	Off_Nanga_Zambia	1.115
MARS-WEMA_292930	Off_Nanga_Zambia	0.765
MARS-WEMA_292931	Off_Nanga_Zambia	0.285
MARS-WEMA_292932	Off_Nanga_Zambia	0.78
MARS-WEMA_292933	Off_Nanga_Zambia	0.75
MARS-WEMA_292934	Off_Nanga_Zambia	0.705
MARS-WEMA_292935	Off_Nanga_Zambia	1.455
MARS-WEMA_292936	Off_Nanga_Zambia	0.68
MARS-WEMA_292937	Off_Nanga_Zambia	0.86
MARS-WEMA_292938	Off_Nanga_Zambia	0.595
MARS-WEMA_292939	Off_Nanga_Zambia	0.765
MARS-WEMA_292940	Off_Nanga_Zambia	0.985
MARS-WEMA_292941	Off_Nanga_Zambia	0.6
MARS-WEMA_292942	Off_Nanga_Zambia	0.74
MARS-WEMA_292943	Off_Nanga_Zambia	1.235
MARS-WEMA_292944	Off_Nanga_Zambia	1.165
MARS-WEMA_292945	Off_Nanga_Zambia	1.205
MARS-WEMA_292946	Off_Nanga_Zambia	0.495
MARS-WEMA_292947	Off_Nanga_Zambia	0.945
MARS-WEMA_292948	Off_Nanga_Zambia	1.035
MARS-WEMA_292949	Off_Nanga_Zambia	0.595
MARS-WEMA_292950	Off_Nanga_Zambia	1.305
MARS-WEMA_292951	Off_Nanga_Zambia	0.53
MARS-WEMA_292952	Off_Nanga_Zambia	0.715
MARS-WEMA_292953	Off_Nanga_Zambia	2.625
MARS-WEMA_292954	Off_Nanga_Zambia	1.22
MARS-WEMA_292955	Off_Nanga_Zambia	1.305
MARS-WEMA_292956	Off_Nanga_Zambia	0.865
MARS-WEMA_292957	Off_Nanga_Zambia	0.925
MARS-WEMA_292958	Off_Nanga_Zambia	0.635
MARS-WEMA_292959	Off_Nanga_Zambia	1.48
MARS-WEMA_292960	Off_Nanga_Zambia	0.87
MARS-WEMA_292961	Off_Nanga_Zambia	0.955
MARS-WEMA_292962	Off_Nanga_Zambia	1.49
MARS-WEMA_292963	Off_Nanga_Zambia	0.965
MARS-WEMA_292964	Off_Nanga_Zambia	1.02
MARS-WEMA_292965	Off_Nanga_Zambia	0.84
MARS-WEMA_292966	Off_Nanga_Zambia	1.325
MARS-WEMA_292967	Off_Nanga_Zambia	0.7
MARS-WEMA_292969	Off_Nanga_Zambia	1.075
MARS-WEMA_292971	Off_Nanga_Zambia	0.78
MARS-WEMA_292972	Off_Nanga_Zambia	0.79
MARS-WEMA_292973	Off_Nanga_Zambia	0.885
MARS-WEMA_292974	Off_Nanga_Zambia	0.84
MARS-WEMA_292978	Off_Nanga_Zambia	0.715
MARS-WEMA_292979	Off_Nanga_Zambia	0.84
MARS-WEMA_292980	Off_Nanga_Zambia	1.35
MARS-WEMA_292981	Off_Nanga_Zambia	0.54
MARS-WEMA_292982	Off_Nanga_Zambia	0.29
MARS-WEMA_292983	Off_Nanga_Zambia	0.885
MARS-WEMA_292984	Off_Nanga_Zambia	1.755
MARS-WEMA_292985	Off_Nanga_Zambia	1.38
MARS-WEMA_292986	Off_Nanga_Zambia	0.515
MARS-WEMA_292987	Off_Nanga_Zambia	1.95
MARS-WEMA_292988	Off_Nanga_Zambia	0.35
MARS-WEMA_292989	Off_Nanga_Zambia	0.77
MARS-WEMA_292990	Off_Nanga_Zambia	1.24
MARS-WEMA_292991	Off_Nanga_Zambia	0.785
MARS-WEMA_292992	Off_Nanga_Zambia	1.69
MARS-WEMA_292993	Off_Nanga_Zambia	0.665
MARS-WEMA_292995	Off_Nanga_Zambia	0.94
MARS-WEMA_292996	Off_Nanga_Zambia	1.11
MARS-WEMA_292997	Off_Nanga_Zambia	1.25
MARS-WEMA_293000	Off_Nanga_Zambia	1.27
MARS-WEMA_293002	Off_Nanga_Zambia	1.885
MARS-WEMA_293004	Off_Nanga_Zambia	1.145
